
CDAC@DESKTOP-A6K79QU MINGW64 ~/Desktop/localproject (main)
$ ls
name.txt

CDAC@DESKTOP-A6K79QU MINGW64 ~/Desktop/localproject (main)
$ git add .

CDAC@DESKTOP-A6K79QU MINGW64 ~/Desktop/localproject (main)
$ git commit -m
error: switch `m' requires a value

CDAC@DESKTOP-A6K79QU MINGW64 ~/Desktop/localproject (main)
$ git commit -m "fileadded"
[main (root-commit) c521f24] fileadded
 1 file changed, 0 insertions(+), 0 deletions(-)
 create mode 100644 name.txt

CDAC@DESKTOP-A6K79QU MINGW64 ~/Desktop/localproject (main)
$ git push origin main
Enumerating objects: 3, done.
Counting objects: 100% (3/3), done.
Writing objects: 100% (3/3), 216 bytes | 216.00 KiB/s, done.
Total 3 (delta 0), reused 0 (delta 0), pack-reused 0 (from 0)
To https://github.com/kishnakushwaha91-afk/localproject.git
 * [new branch]      main -> main

CDAC@DESKTOP-A6K79QU MINGW64 ~/Desktop/localproject (main)
$ git status
On branch main
nothing to commit, working tree clean

CDAC@DESKTOP-A6K79QU MINGW64 ~/Desktop/localproject (main)
$ git status
On branch main
Untracked files:
  (use "git add <file>..." to include in what will be committed)
        python.pynb

nothing added to commit but untracked files present (use "git add" to track)

CDAC@DESKTOP-A6K79QU MINGW64 ~/Desktop/localproject (main)
$ git add .

CDAC@DESKTOP-A6K79QU MINGW64 ~/Desktop/localproject (main)
$ git status
On branch main
Changes to be committed:
  (use "git restore --staged <file>..." to unstage)
        new file:   python.pynb


CDAC@DESKTOP-A6K79QU MINGW64 ~/Desktop/localproject (main)
$ git commit -m "commiting the file"
[main e136574] commiting the file
 1 file changed, 0 insertions(+), 0 deletions(-)
 create mode 100644 python.pynb

CDAC@DESKTOP-A6K79QU MINGW64 ~/Desktop/localproject (main)
$ git status
On branch main
nothing to commit, working tree clean

CDAC@DESKTOP-A6K79QU MINGW64 ~/Desktop/localproject (main)
$ git rm
fatal: No pathspec was given. Which files should I remove?

CDAC@DESKTOP-A6K79QU MINGW64 ~/Desktop/localproject (main)
$ git rm localproject
fatal: pathspec 'localproject' did not match any files

CDAC@DESKTOP-A6K79QU MINGW64 ~/Desktop/localproject (main)
$ git -rm
unknown option: -rm
usage: git [-v | --version] [-h | --help] [-C <path>] [-c <name>=<value>]
           [--exec-path[=<path>]] [--html-path] [--man-path] [--info-path]
           [-p | --paginate | -P | --no-pager] [--no-replace-objects] [--no-lazy
-fetch]
           [--no-optional-locks] [--no-advice] [--bare] [--git-dir=<path>]
           [--work-tree=<path>] [--namespace=<name>] [--config-env=<name>=<envva
r>]
           <command> [<args>]

CDAC@DESKTOP-A6K79QU MINGW64 ~/Desktop/localproject (main)
$ git rm localproject
fatal: pathspec 'localproject' did not match any files

CDAC@DESKTOP-A6K79QU MINGW64 ~/Desktop/localproject (main)
