
CDAC@DESKTOP-A6K79QU MINGW64 ~/Desktop/gitpractice
$ git init
Initialized empty Git repository in C:/Users/CDAC/Desktop/gitpractice/.git/

CDAC@DESKTOP-A6K79QU MINGW64 ~/Desktop/gitpractice (master)
$ git remote -v

CDAC@DESKTOP-A6K79QU MINGW64 ~/Desktop/gitpractice (master)
$ git branch -m main

CDAC@DESKTOP-A6K79QU MINGW64 ~/Desktop/gitpractice (main)
$ git remote -v

CDAC@DESKTOP-A6K79QU MINGW64 ~/Desktop/gitpractice (main)
$ git status
On branch main

No commits yet

Untracked files:
  (use "git add <file>..." to include in what will be committed)
        ex.txt

nothing added to commit but untracked files present (use "git add" to track)

CDAC@DESKTOP-A6K79QU MINGW64 ~/Desktop/gitpractice (main)
$ git add .

CDAC@DESKTOP-A6K79QU MINGW64 ~/Desktop/gitpractice (main)
$ git commit -m "file added"
[main (root-commit) 48d937b] file added
 1 file changed, 88 insertions(+)
 create mode 100644 ex.txt

CDAC@DESKTOP-A6K79QU MINGW64 ~/Desktop/gitpractice (main)
$ git satus
git: 'satus' is not a git command. See 'git --help'.

The most similar command is
        status

CDAC@DESKTOP-A6K79QU MINGW64 ~/Desktop/gitpractice (main)
$ git stauts
git: 'stauts' is not a git command. See 'git --help'.

The most similar command is
        status

CDAC@DESKTOP-A6K79QU MINGW64 ~/Desktop/gitpractice (main)
$ git status
On branch main
Untracked files:
  (use "git add <file>..." to include in what will be committed)
        new.pynb

nothing added to commit but untracked files present (use "git add" to track)

CDAC@DESKTOP-A6K79QU MINGW64 ~/Desktop/gitpractice (main)
$ git add .

CDAC@DESKTOP-A6K79QU MINGW64 ~/Desktop/gitpractice (main)
$ git status
On branch main
Changes to be committed:
  (use "git restore --staged <file>..." to unstage)
        new file:   new.pynb


CDAC@DESKTOP-A6K79QU MINGW64 ~/Desktop/gitpractice (main)
$ git commit -m "new py file"
[main 56d259f] new py file
 1 file changed, 0 insertions(+), 0 deletions(-)
 create mode 100644 new.pynb

CDAC@DESKTOP-A6K79QU MINGW64 ~/Desktop/gitpractice (main)
$ git status
On branch main
nothing to commit, working tree clean

CDAC@DESKTOP-A6K79QU MINGW64 ~/Desktop/gitpractice (main)
$ git remote -v

CDAC@DESKTOP-A6K79QU MINGW64 ~/Desktop/gitpractice (main)
$ git remote add origin
usage: git remote add [<options>] <name> <url>

    -f, --[no-]fetch      fetch the remote branches
    --[no-]tags           import all tags and associated objects when fetching
                          or do not fetch any tag at all (--no-tags)
    -t, --[no-]track <branch>
                          branch(es) to track
    -m, --[no-]master <branch>
                          master branch
    --[no-]mirror[=(push|fetch)]
                          set up remote as a mirror to push to or fetch from


CDAC@DESKTOP-A6K79QU MINGW64 ~/Desktop/gitpractice (main)
$ git remote add origin https://github.com/kishnakushwaha91-afk/gitpractice.git

CDAC@DESKTOP-A6K79QU MINGW64 ~/Desktop/gitpractice (main)
$ git remote -v
origin  https://github.com/kishnakushwaha91-afk/gitpractice.git (fetch)
origin  https://github.com/kishnakushwaha91-afk/gitpractice.git (push)

CDAC@DESKTOP-A6K79QU MINGW64 ~/Desktop/gitpractice (main)
$ git push origin main
Enumerating objects: 6, done.
Counting objects: 100% (6/6), done.
Delta compression using up to 4 threads
Compressing objects: 100% (4/4), done.
Writing objects: 100% (6/6), 1.29 KiB | 1.29 MiB/s, done.
Total 6 (delta 0), reused 0 (delta 0), pack-reused 0 (from 0)
To https://github.com/kishnakushwaha91-afk/gitpractice.git
 * [new branch]      main -> main

CDAC@DESKTOP-A6K79QU MINGW64 ~/Desktop/gitpractice (main)
$ git status
On branch main
nothing to commit, working tree clean

CDAC@DESKTOP-A6K79QU MINGW64 ~/Desktop/gitpractice (main)
$ ^C

CDAC@DESKTOP-A6K79QU MINGW64 ~/Desktop/gitpractice (main)
